Server thread started
BlenderMCP server started on localhost:9876
BlenderMCP addon registered
Connected to client: ('127.0.0.1', 58348)
Client handler started
Queued command: get_scene_info
Executing handler for get_scene_info
Getting scene info...
Scene info collected: 3 objects
Handler execution complete
Client disconnected
Client handler stopped
Connected to client: ('127.0.0.1', 56300)
Client handler started
Queued command: execute_code
Executing handler for execute_code
Handler execution complete
Failed to send response - client disconnected
Connected to client: ('127.0.0.1', 40170)
Client handler started
Queued command: get_scene_info
Executing handler for get_scene_info
Getting scene info...
Scene info collected: 10 objects
Handler execution complete
Client disconnected
Client handler stopped
Connected to client: ('127.0.0.1', 47960)
Client handler started
Queued command: execute_code
Executing handler for execute_code
Handler execution complete
Client disconnected
Client handler stopped
Connected to client: ('127.0.0.1', 44458)
Client handler started
Queued command: execute_code
Executing handler for execute_code
Handler execution complete
Client disconnected
Client handler stopped
Saved session recovery to "/tmp/quit.blend"

Blender quit
